[pandalucia.webflow.io/index.html]
[backblue.gif]
[fade.gif]
[index.html]
[cdn.prod.website-files.com/685bc4d9e6b5cdcf57dc47e5/css/pandalucia.webflow.shared.74d6611d9.css]
[ajax.googleapis.com/ajax/libs/webfont/1.6.26/webfont.js]
[cdn.prod.website-files.com/685bc4d9e6b5cdcf57dc47e5/685c1247f557343d89208760_egfrdgfsdg.png]
[cdn.prod.website-files.com/685bc4d9e6b5cdcf57dc47e5/685c11c698019199ec7c2866_sgfgfds.png]
[pandalucia.webflow.io/contatti.html]
[pandalucia.webflow.io/faq.html]
[d3e54v103j8qbb.cloudfront.net/js/jquery-3.5.1.min.dc5e7f18c885df.js]
[cdn.prod.website-files.com/685bc4d9e6b5cdcf57dc47e5/js/webflow.schunk.36b8fb49256177c8.js]
[cdn.prod.website-files.com/685bc4d9e6b5cdcf57dc47e5/js/webflow.schunk.039ed449019d8266.js]
[cdn.prod.website-files.com/685bc4d9e6b5cdcf57dc47e5/js/webflow.schunk.305ad871ffb550e5.js]
[pandalucia.webflow.io/index.html]
[cdn.prod.website-files.com/685bc4d9e6b5cdcf57dc47e5/css/pandalucia.webflow.shared.74d6611d9.css]
[cdn.prod.website-files.com/685bc4d9e6b5cdcf57dc47e5/js/webflow.66215820.efe9fc08c674760c.js]
[pandalucia.webflow.io/contatti.html]
[cdn.prod.website-files.com/685bc4d9e6b5cdcf57dc47e5/js/webflow.8b297e87.a67cffd120e504c2.js]
[pandalucia.webflow.io/faq.html]
[cdn.prod.website-files.com/685bc4d9e6b5cdcf57dc47e5/js/webflow.c9f80112.8f14fdb118ccbbf5.js]
[pandalucia.webflow.io/chi-siamo.html]
